=== R1 START Fri Oct  9 10:13:52 UTC 2026 ===
>>> r1 dh=64 wake_only seed=0 10:13:52
[wake_only] cycle 1/20 steps=195 pred_mse=1.9430 mpc=-0.258
[wake_only] cycle 2/20 steps=386 pred_mse=1.7000 mpc=-0.668
[wake_only] cycle 3/20 steps=697 pred_mse=1.4958 mpc=-0.202
[wake_only] cycle 4/20 steps=1076 pred_mse=1.3298 mpc=-0.202
[wake_only] cycle 5/20 steps=1341 pred_mse=1.2096 mpc=-0.634
[wake_only] cycle 6/20 steps=1633 pred_mse=1.1305 mpc=0.038
[wake_only] cycle 7/20 steps=1863 pred_mse=1.0797 mpc=0.080
[wake_only] cycle 8/20 steps=2118 pred_mse=1.0519 mpc=-0.228
[wake_only] cycle 9/20 steps=2387 pred_mse=1.0370 mpc=-0.456
[wake_only] cycle 10/20 steps=2700 pred_mse=1.0289 mpc=-0.228
[wake_only] cycle 11/20 steps=2979 pred_mse=1.0207 mpc=-0.216
[wake_only] cycle 12/20 steps=3250 pred_mse=1.0080 mpc=-0.216
[wake_only] cycle 13/20 steps=3524 pred_mse=1.0025 mpc=-0.214
[wake_only] cycle 14/20 steps=3833 pred_mse=0.9950 mpc=-0.214
[wake_only] cycle 15/20 steps=4138 pred_mse=0.9812 mpc=-0.216
[wake_only] cycle 16/20 steps=4394 pred_mse=0.9663 mpc=-0.216
[wake_only] cycle 17/20 steps=4607 pred_mse=0.9474 mpc=-0.320
[wake_only] cycle 18/20 steps=4743 pred_mse=0.9348 mpc=0.322
[wake_only] cycle 19/20 steps=4998 pred_mse=0.9278 mpc=0.080
[wake_only] cycle 20/20 steps=5225 pred_mse=0.9234 mpc=-0.236
完成：42.6s，已登记 results/registry.md
>>> r1 dh=64 wake_only seed=1 10:14:39
[wake_only] cycle 1/20 steps=231 pred_mse=1.8814 mpc=-0.372
[wake_only] cycle 2/20 steps=528 pred_mse=1.6005 mpc=-0.764
[wake_only] cycle 3/20 steps=825 pred_mse=1.3776 mpc=-0.334
[wake_only] cycle 4/20 steps=1117 pred_mse=1.2240 mpc=-0.358
[wake_only] cycle 5/20 steps=1466 pred_mse=1.1285 mpc=-0.358
[wake_only] cycle 6/20 steps=1683 pred_mse=1.0734 mpc=0.042
[wake_only] cycle 7/20 steps=1941 pred_mse=1.0494 mpc=0.042
[wake_only] cycle 8/20 steps=2089 pred_mse=1.0315 mpc=0.042
[wake_only] cycle 9/20 steps=2368 pred_mse=1.0192 mpc=0.042
[wake_only] cycle 10/20 steps=2602 pred_mse=1.0107 mpc=0.042
[wake_only] cycle 11/20 steps=2863 pred_mse=1.0034 mpc=0.042
[wake_only] cycle 12/20 steps=3066 pred_mse=0.9851 mpc=0.042
[wake_only] cycle 13/20 steps=3395 pred_mse=0.9762 mpc=0.042
[wake_only] cycle 14/20 steps=3657 pred_mse=0.9677 mpc=0.042
[wake_only] cycle 15/20 steps=3983 pred_mse=0.9628 mpc=0.042
[wake_only] cycle 16/20 steps=4252 pred_mse=0.9418 mpc=0.334
[wake_only] cycle 17/20 steps=4571 pred_mse=0.9261 mpc=0.072
[wake_only] cycle 18/20 steps=4878 pred_mse=0.9188 mpc=0.072
[wake_only] cycle 19/20 steps=5119 pred_mse=0.9142 mpc=0.334
[wake_only] cycle 20/20 steps=5381 pred_mse=0.8921 mpc=0.358
完成：38.6s，已登记 results/registry.md
>>> r1 dh=64 dream_first seed=0 10:15:21
[dream_first] cycle 1/20 steps=195 pred_mse=1.1478 mpc=-0.500
[dream_first] cycle 2/20 steps=386 pred_mse=1.0774 mpc=-0.202
[dream_first] cycle 3/20 steps=697 pred_mse=1.0445 mpc=-0.202
[dream_first] cycle 4/20 steps=1076 pred_mse=1.0348 mpc=-0.202
[dream_first] cycle 5/20 steps=1341 pred_mse=1.0055 mpc=-0.202
[dream_first] cycle 6/20 steps=1633 pred_mse=0.9860 mpc=-0.202
[dream_first] cycle 7/20 steps=1863 pred_mse=0.9509 mpc=-0.202
[dream_first] cycle 8/20 steps=2118 pred_mse=0.9182 mpc=-0.202
[dream_first] cycle 9/20 steps=2387 pred_mse=0.8955 mpc=-0.202
[dream_first] cycle 10/20 steps=2700 pred_mse=0.8681 mpc=-0.202
[dream_first] cycle 11/20 steps=2979 pred_mse=0.8215 mpc=-0.202
[dream_first] cycle 12/20 steps=3250 pred_mse=0.7618 mpc=-0.060
[dream_first] cycle 13/20 steps=3524 pred_mse=0.7102 mpc=0.326
[dream_first] cycle 14/20 steps=3833 pred_mse=0.5875 mpc=0.156
[dream_first] cycle 15/20 steps=4138 pred_mse=0.5427 mpc=-0.458
[dream_first] cycle 16/20 steps=4394 pred_mse=0.4550 mpc=-0.458
[dream_first] cycle 17/20 steps=4607 pred_mse=0.3527 mpc=-0.206
[dream_first] cycle 18/20 steps=4743 pred_mse=0.3354 mpc=-0.604
[dream_first] cycle 19/20 steps=4998 pred_mse=0.3096 mpc=-0.500
[dream_first] cycle 20/20 steps=5225 pred_mse=0.2905 mpc=-0.500
完成：49.9s，已登记 results/registry.md
>>> r1 dh=64 dream_first seed=1 10:16:15
[dream_first] cycle 1/20 steps=231 pred_mse=1.1935 mpc=-0.358
[dream_first] cycle 2/20 steps=528 pred_mse=1.0951 mpc=-0.386
[dream_first] cycle 3/20 steps=825 pred_mse=1.0457 mpc=-0.706
[dream_first] cycle 4/20 steps=1117 pred_mse=1.0397 mpc=-0.308
[dream_first] cycle 5/20 steps=1466 pred_mse=1.0004 mpc=0.076
[dream_first] cycle 6/20 steps=1683 pred_mse=0.9492 mpc=0.014
[dream_first] cycle 7/20 steps=1941 pred_mse=0.9167 mpc=0.076
[dream_first] cycle 8/20 steps=2089 pred_mse=0.8719 mpc=0.076
[dream_first] cycle 9/20 steps=2368 pred_mse=0.8239 mpc=0.076
[dream_first] cycle 10/20 steps=2602 pred_mse=0.7705 mpc=-0.306
[dream_first] cycle 11/20 steps=2863 pred_mse=0.7061 mpc=-0.200
[dream_first] cycle 12/20 steps=3066 pred_mse=0.6038 mpc=-0.306
[dream_first] cycle 13/20 steps=3395 pred_mse=0.5573 mpc=-0.306
[dream_first] cycle 14/20 steps=3657 pred_mse=0.4637 mpc=-0.308
[dream_first] cycle 15/20 steps=3983 pred_mse=0.4627 mpc=-0.308
[dream_first] cycle 16/20 steps=4252 pred_mse=0.3945 mpc=-0.516
[dream_first] cycle 17/20 steps=4571 pred_mse=0.4016 mpc=-0.270
[dream_first] cycle 18/20 steps=4878 pred_mse=0.3703 mpc=-0.270
[dream_first] cycle 19/20 steps=5119 pred_mse=0.3635 mpc=-0.500
[dream_first] cycle 20/20 steps=5381 pred_mse=0.3117 mpc=-0.270
完成：44.8s，已登记 results/registry.md
>>> r1 dh=64 alternate seed=0 10:17:04
[alternate] cycle 1/20 steps=195 pred_mse=1.8561 mpc=-0.668
[alternate] cycle 2/20 steps=386 pred_mse=1.5586 mpc=-0.202
[alternate] cycle 3/20 steps=697 pred_mse=1.3239 mpc=-0.202
[alternate] cycle 4/20 steps=1076 pred_mse=1.1785 mpc=-0.202
[alternate] cycle 5/20 steps=1341 pred_mse=1.0991 mpc=-0.542
[alternate] cycle 6/20 steps=1633 pred_mse=1.0664 mpc=0.070
[alternate] cycle 7/20 steps=1863 pred_mse=1.0422 mpc=-0.002
[alternate] cycle 8/20 steps=2118 pred_mse=1.0250 mpc=0.070
[alternate] cycle 9/20 steps=2387 pred_mse=1.0095 mpc=-0.458
[alternate] cycle 10/20 steps=2700 pred_mse=0.9958 mpc=-0.226
[alternate] cycle 11/20 steps=2979 pred_mse=0.9772 mpc=-0.216
[alternate] cycle 12/20 steps=3250 pred_mse=0.9603 mpc=-0.216
[alternate] cycle 13/20 steps=3524 pred_mse=0.9587 mpc=-0.216
[alternate] cycle 14/20 steps=3833 pred_mse=0.9438 mpc=0.080
[alternate] cycle 15/20 steps=4138 pred_mse=0.9249 mpc=-0.656
[alternate] cycle 16/20 steps=4394 pred_mse=0.9123 mpc=-0.544
[alternate] cycle 17/20 steps=4607 pred_mse=0.8877 mpc=-0.114
[alternate] cycle 18/20 steps=4743 pred_mse=0.8728 mpc=-0.114
[alternate] cycle 19/20 steps=4998 pred_mse=0.8692 mpc=-0.688
[alternate] cycle 20/20 steps=5225 pred_mse=0.8496 mpc=-0.688
完成：44.0s，已登记 results/registry.md
>>> r1 dh=64 alternate seed=1 10:17:52
[alternate] cycle 1/20 steps=231 pred_mse=1.7746 mpc=-0.720
[alternate] cycle 2/20 steps=528 pred_mse=1.4344 mpc=-0.600
[alternate] cycle 3/20 steps=825 pred_mse=1.2125 mpc=-0.358
[alternate] cycle 4/20 steps=1117 pred_mse=1.0972 mpc=-0.358
[alternate] cycle 5/20 steps=1466 pred_mse=1.0495 mpc=0.042
[alternate] cycle 6/20 steps=1683 pred_mse=1.0262 mpc=0.042
[alternate] cycle 7/20 steps=1941 pred_mse=1.0156 mpc=0.042
[alternate] cycle 8/20 steps=2089 pred_mse=0.9888 mpc=0.042
[alternate] cycle 9/20 steps=2368 pred_mse=0.9815 mpc=0.042
[alternate] cycle 10/20 steps=2602 pred_mse=0.9701 mpc=-0.200
[alternate] cycle 11/20 steps=2863 pred_mse=0.9548 mpc=0.076
[alternate] cycle 12/20 steps=3066 pred_mse=0.9286 mpc=-0.046
[alternate] cycle 13/20 steps=3395 pred_mse=0.9219 mpc=0.042
[alternate] cycle 14/20 steps=3657 pred_mse=0.9043 mpc=-0.200
[alternate] cycle 15/20 steps=3983 pred_mse=0.8955 mpc=-0.200
[alternate] cycle 16/20 steps=4252 pred_mse=0.8634 mpc=0.358
[alternate] cycle 17/20 steps=4571 pred_mse=0.8440 mpc=-0.438
[alternate] cycle 18/20 steps=4878 pred_mse=0.8423 mpc=-0.320
[alternate] cycle 19/20 steps=5119 pred_mse=0.8111 mpc=-0.458
[alternate] cycle 20/20 steps=5381 pred_mse=0.7798 mpc=-0.308
完成：40.3s，已登记 results/registry.md
>>> r1 dh=256 wake_only seed=0 10:18:36
[wake_only] cycle 1/20 steps=195 pred_mse=2.5620 mpc=-0.500
[wake_only] cycle 2/20 steps=386 pred_mse=1.6989 mpc=-0.500
[wake_only] cycle 3/20 steps=697 pred_mse=1.3127 mpc=-0.500
[wake_only] cycle 4/20 steps=1076 pred_mse=1.1777 mpc=-0.500
[wake_only] cycle 5/20 steps=1341 pred_mse=1.1233 mpc=-0.500
[wake_only] cycle 6/20 steps=1633 pred_mse=1.1007 mpc=-0.500
[wake_only] cycle 7/20 steps=1863 pred_mse=1.0853 mpc=-0.500
[wake_only] cycle 8/20 steps=2118 pred_mse=1.0700 mpc=-0.500
[wake_only] cycle 9/20 steps=2387 pred_mse=1.0572 mpc=-0.500
[wake_only] cycle 10/20 steps=2700 pred_mse=1.0485 mpc=-0.500
[wake_only] cycle 11/20 steps=2979 pred_mse=1.0380 mpc=-0.500
[wake_only] cycle 12/20 steps=3250 pred_mse=1.0261 mpc=-0.500
[wake_only] cycle 13/20 steps=3524 pred_mse=1.0217 mpc=-0.500
[wake_only] cycle 14/20 steps=3833 pred_mse=1.0188 mpc=-0.500
[wake_only] cycle 15/20 steps=4138 pred_mse=1.0124 mpc=-0.500
[wake_only] cycle 16/20 steps=4394 pred_mse=1.0039 mpc=-0.500
[wake_only] cycle 17/20 steps=4607 pred_mse=0.9892 mpc=-0.500
[wake_only] cycle 18/20 steps=4743 pred_mse=0.9828 mpc=-0.500
[wake_only] cycle 19/20 steps=4998 pred_mse=0.9816 mpc=-0.500
[wake_only] cycle 20/20 steps=5225 pred_mse=0.9812 mpc=-0.500
完成：54.7s，已登记 results/registry.md
>>> r1 dh=256 wake_only seed=1 10:19:34
[wake_only] cycle 1/20 steps=231 pred_mse=2.1795 mpc=0.066
[wake_only] cycle 2/20 steps=528 pred_mse=1.3780 mpc=-0.306
[wake_only] cycle 3/20 steps=825 pred_mse=1.1637 mpc=-0.420
[wake_only] cycle 4/20 steps=1117 pred_mse=1.1138 mpc=-0.420
[wake_only] cycle 5/20 steps=1466 pred_mse=1.0963 mpc=-0.424
[wake_only] cycle 6/20 steps=1683 pred_mse=1.0822 mpc=-0.500
[wake_only] cycle 7/20 steps=1941 pred_mse=1.0696 mpc=-0.500
[wake_only] cycle 8/20 steps=2089 pred_mse=1.0582 mpc=-0.500
[wake_only] cycle 9/20 steps=2368 pred_mse=1.0484 mpc=-0.500
[wake_only] cycle 10/20 steps=2602 pred_mse=1.0404 mpc=-0.500
[wake_only] cycle 11/20 steps=2863 pred_mse=1.0359 mpc=-0.500
[wake_only] cycle 12/20 steps=3066 pred_mse=1.0216 mpc=-0.424
[wake_only] cycle 13/20 steps=3395 pred_mse=1.0146 mpc=-0.424
[wake_only] cycle 14/20 steps=3657 pred_mse=1.0100 mpc=-0.424
[wake_only] cycle 15/20 steps=3983 pred_mse=1.0125 mpc=-0.346
[wake_only] cycle 16/20 steps=4252 pred_mse=1.0034 mpc=-0.200
[wake_only] cycle 17/20 steps=4571 pred_mse=1.0041 mpc=-0.424
[wake_only] cycle 18/20 steps=4878 pred_mse=0.9939 mpc=-0.424
[wake_only] cycle 19/20 steps=5119 pred_mse=0.9897 mpc=-0.362
[wake_only] cycle 20/20 steps=5381 pred_mse=0.9878 mpc=-0.346
完成：40.6s，已登记 results/registry.md
>>> r1 dh=256 dream_first seed=0 10:20:19
[dream_first] cycle 1/20 steps=195 pred_mse=2.0733 mpc=-0.354
[dream_first] cycle 2/20 steps=386 pred_mse=1.3522 mpc=-0.500
[dream_first] cycle 3/20 steps=697 pred_mse=1.1534 mpc=-0.500
[dream_first] cycle 4/20 steps=1076 pred_mse=1.0918 mpc=-0.364
[dream_first] cycle 5/20 steps=1341 pred_mse=1.0638 mpc=-0.636
[dream_first] cycle 6/20 steps=1633 pred_mse=1.0472 mpc=-0.636
[dream_first] cycle 7/20 steps=1863 pred_mse=1.0373 mpc=-0.458
[dream_first] cycle 8/20 steps=2118 pred_mse=1.0283 mpc=-0.456
[dream_first] cycle 9/20 steps=2387 pred_mse=1.0213 mpc=-0.500
[dream_first] cycle 10/20 steps=2700 pred_mse=1.0174 mpc=-0.500
[dream_first] cycle 11/20 steps=2979 pred_mse=1.0122 mpc=-0.500
[dream_first] cycle 12/20 steps=3250 pred_mse=1.0046 mpc=-0.500
[dream_first] cycle 13/20 steps=3524 pred_mse=1.0007 mpc=-0.500
[dream_first] cycle 14/20 steps=3833 pred_mse=0.9976 mpc=-0.500
[dream_first] cycle 15/20 steps=4138 pred_mse=0.9939 mpc=-0.500
[dream_first] cycle 16/20 steps=4394 pred_mse=0.9886 mpc=-0.500
[dream_first] cycle 17/20 steps=4607 pred_mse=0.9744 mpc=0.348
[dream_first] cycle 18/20 steps=4743 pred_mse=0.9648 mpc=-0.434
[dream_first] cycle 19/20 steps=4998 pred_mse=0.9641 mpc=-0.732
[dream_first] cycle 20/20 steps=5225 pred_mse=0.9651 mpc=-0.210
完成：54.2s，已登记 results/registry.md
>>> r1 dh=256 dream_first seed=1 10:21:17
[dream_first] cycle 1/20 steps=231 pred_mse=1.6798 mpc=0.334
[dream_first] cycle 2/20 steps=528 pred_mse=1.2714 mpc=0.220
[dream_first] cycle 3/20 steps=825 pred_mse=1.1398 mpc=-0.046
[dream_first] cycle 4/20 steps=1117 pred_mse=1.0933 mpc=-0.046
[dream_first] cycle 5/20 steps=1466 pred_mse=1.0704 mpc=-0.046
[dream_first] cycle 6/20 steps=1683 pred_mse=1.0557 mpc=-0.200
[dream_first] cycle 7/20 steps=1941 pred_mse=1.0447 mpc=-0.200
[dream_first] cycle 8/20 steps=2089 pred_mse=1.0348 mpc=-0.046
[dream_first] cycle 9/20 steps=2368 pred_mse=1.0278 mpc=0.078
[dream_first] cycle 10/20 steps=2602 pred_mse=1.0218 mpc=0.078
[dream_first] cycle 11/20 steps=2863 pred_mse=1.0176 mpc=0.078
[dream_first] cycle 12/20 steps=3066 pred_mse=1.0079 mpc=-0.200
[dream_first] cycle 13/20 steps=3395 pred_mse=1.0016 mpc=-0.200
[dream_first] cycle 14/20 steps=3657 pred_mse=0.9963 mpc=-0.046
[dream_first] cycle 15/20 steps=3983 pred_mse=0.9937 mpc=-0.200
[dream_first] cycle 16/20 steps=4252 pred_mse=0.9826 mpc=0.220
[dream_first] cycle 17/20 steps=4571 pred_mse=0.9768 mpc=0.220
[dream_first] cycle 18/20 steps=4878 pred_mse=0.9761 mpc=0.076
[dream_first] cycle 19/20 steps=5119 pred_mse=0.9761 mpc=0.076
[dream_first] cycle 20/20 steps=5381 pred_mse=0.9736 mpc=0.076
完成：39.6s，已登记 results/registry.md
>>> r1 dh=256 alternate seed=0 10:22:00
[alternate] cycle 1/20 steps=195 pred_mse=2.1982 mpc=-0.500
[alternate] cycle 2/20 steps=386 pred_mse=1.3815 mpc=-0.500
[alternate] cycle 3/20 steps=697 pred_mse=1.1723 mpc=-0.500
[alternate] cycle 4/20 steps=1076 pred_mse=1.1165 mpc=-0.500
[alternate] cycle 5/20 steps=1341 pred_mse=1.0895 mpc=-0.500
[alternate] cycle 6/20 steps=1633 pred_mse=1.0783 mpc=-0.500
[alternate] cycle 7/20 steps=1863 pred_mse=1.0543 mpc=-0.500
[alternate] cycle 8/20 steps=2118 pred_mse=1.0365 mpc=-0.500
[alternate] cycle 9/20 steps=2387 pred_mse=1.0281 mpc=-0.500
[alternate] cycle 10/20 steps=2700 pred_mse=1.0209 mpc=-0.500
[alternate] cycle 11/20 steps=2979 pred_mse=1.0079 mpc=-0.500
[alternate] cycle 12/20 steps=3250 pred_mse=0.9994 mpc=-0.500
[alternate] cycle 13/20 steps=3524 pred_mse=0.9985 mpc=-0.500
[alternate] cycle 14/20 steps=3833 pred_mse=0.9902 mpc=-0.500
[alternate] cycle 15/20 steps=4138 pred_mse=0.9859 mpc=-0.500
[alternate] cycle 16/20 steps=4394 pred_mse=0.9760 mpc=-0.500
[alternate] cycle 17/20 steps=4607 pred_mse=0.9644 mpc=-0.500
[alternate] cycle 18/20 steps=4743 pred_mse=0.9619 mpc=-0.500
[alternate] cycle 19/20 steps=4998 pred_mse=0.9632 mpc=-0.500
[alternate] cycle 20/20 steps=5225 pred_mse=0.9548 mpc=-0.500
完成：56.4s，已登记 results/registry.md
>>> r1 dh=256 alternate seed=1 10:23:00
[alternate] cycle 1/20 steps=231 pred_mse=1.7829 mpc=0.014
[alternate] cycle 2/20 steps=528 pred_mse=1.1975 mpc=-0.420
[alternate] cycle 3/20 steps=825 pred_mse=1.1127 mpc=-0.500
[alternate] cycle 4/20 steps=1117 pred_mse=1.0920 mpc=-0.500
[alternate] cycle 5/20 steps=1466 pred_mse=1.0744 mpc=-0.500
[alternate] cycle 6/20 steps=1683 pred_mse=1.0587 mpc=-0.500
[alternate] cycle 7/20 steps=1941 pred_mse=1.0487 mpc=-0.500
[alternate] cycle 8/20 steps=2089 pred_mse=1.0330 mpc=-0.500
[alternate] cycle 9/20 steps=2368 pred_mse=1.0237 mpc=-0.500
[alternate] cycle 10/20 steps=2602 pred_mse=1.0149 mpc=-0.500
[alternate] cycle 11/20 steps=2863 pred_mse=1.0091 mpc=-0.500
[alternate] cycle 12/20 steps=3066 pred_mse=0.9984 mpc=-0.500
[alternate] cycle 13/20 steps=3395 pred_mse=0.9938 mpc=-0.500
[alternate] cycle 14/20 steps=3657 pred_mse=0.9863 mpc=0.234
[alternate] cycle 15/20 steps=3983 pred_mse=0.9833 mpc=-0.200
[alternate] cycle 16/20 steps=4252 pred_mse=0.9851 mpc=-0.424
[alternate] cycle 17/20 steps=4571 pred_mse=0.9725 mpc=-0.420
[alternate] cycle 18/20 steps=4878 pred_mse=0.9717 mpc=-0.362
[alternate] cycle 19/20 steps=5119 pred_mse=0.9653 mpc=-0.310
[alternate] cycle 20/20 steps=5381 pred_mse=0.9609 mpc=0.234
完成：48.2s，已登记 results/registry.md
>>> r1 dh=1024 wake_only seed=0 10:23:53
[wake_only] cycle 1/20 steps=195 pred_mse=1.5446 mpc=-0.218
[wake_only] cycle 2/20 steps=386 pred_mse=1.1320 mpc=-0.000
[wake_only] cycle 3/20 steps=697 pred_mse=1.0738 mpc=0.004
[wake_only] cycle 4/20 steps=1076 pred_mse=1.0592 mpc=-0.166
[wake_only] cycle 5/20 steps=1341 pred_mse=1.0518 mpc=-0.046
[wake_only] cycle 6/20 steps=1633 pred_mse=1.0464 mpc=-0.172
[wake_only] cycle 7/20 steps=1863 pred_mse=1.0410 mpc=-0.386
[wake_only] cycle 8/20 steps=2118 pred_mse=1.0350 mpc=-0.214
[wake_only] cycle 9/20 steps=2387 pred_mse=1.0312 mpc=-0.214
[wake_only] cycle 10/20 steps=2700 pred_mse=1.0290 mpc=-0.214
[wake_only] cycle 11/20 steps=2979 pred_mse=1.0254 mpc=-0.214
[wake_only] cycle 12/20 steps=3250 pred_mse=1.0199 mpc=-0.214
[wake_only] cycle 13/20 steps=3524 pred_mse=1.0170 mpc=-0.214
[wake_only] cycle 14/20 steps=3833 pred_mse=1.0153 mpc=-0.214
[wake_only] cycle 15/20 steps=4138 pred_mse=1.0135 mpc=0.002
[wake_only] cycle 16/20 steps=4394 pred_mse=1.0108 mpc=-0.500
[wake_only] cycle 17/20 steps=4607 pred_mse=1.0037 mpc=-0.500
[wake_only] cycle 18/20 steps=4743 pred_mse=1.0002 mpc=-0.500
[wake_only] cycle 19/20 steps=4998 pred_mse=1.0015 mpc=-0.500
[wake_only] cycle 20/20 steps=5225 pred_mse=1.0018 mpc=-0.500
完成：47.9s，已登记 results/registry.md
>>> r1 dh=1024 wake_only seed=1 10:24:44
[wake_only] cycle 1/20 steps=231 pred_mse=1.2998 mpc=-0.612
[wake_only] cycle 2/20 steps=528 pred_mse=1.0839 mpc=-0.064
[wake_only] cycle 3/20 steps=825 pred_mse=1.0661 mpc=-0.500
[wake_only] cycle 4/20 steps=1117 pred_mse=1.0603 mpc=-0.218
[wake_only] cycle 5/20 steps=1466 pred_mse=1.0552 mpc=-0.020
[wake_only] cycle 6/20 steps=1683 pred_mse=1.0490 mpc=-0.256
[wake_only] cycle 7/20 steps=1941 pred_mse=1.0426 mpc=-0.500
[wake_only] cycle 8/20 steps=2089 pred_mse=1.0363 mpc=-0.500
[wake_only] cycle 9/20 steps=2368 pred_mse=1.0323 mpc=-0.500
[wake_only] cycle 10/20 steps=2602 pred_mse=1.0292 mpc=-0.500
[wake_only] cycle 11/20 steps=2863 pred_mse=1.0266 mpc=-0.500
[wake_only] cycle 12/20 steps=3066 pred_mse=1.0210 mpc=-0.260
[wake_only] cycle 13/20 steps=3395 pred_mse=1.0185 mpc=-0.262
[wake_only] cycle 14/20 steps=3657 pred_mse=1.0172 mpc=-0.500
[wake_only] cycle 15/20 steps=3983 pred_mse=1.0166 mpc=-0.500
[wake_only] cycle 16/20 steps=4252 pred_mse=1.0159 mpc=-0.228
[wake_only] cycle 17/20 steps=4571 pred_mse=1.0166 mpc=-0.228
[wake_only] cycle 18/20 steps=4878 pred_mse=1.0171 mpc=-0.252
[wake_only] cycle 19/20 steps=5119 pred_mse=1.0167 mpc=-0.228
[wake_only] cycle 20/20 steps=5381 pred_mse=1.0152 mpc=-0.228
完成：50.9s，已登记 results/registry.md
>>> r1 dh=1024 dream_first seed=0 10:25:39
[dream_first] cycle 1/20 steps=195 pred_mse=1.1316 mpc=-0.038
[dream_first] cycle 2/20 steps=386 pred_mse=1.0501 mpc=0.338
[dream_first] cycle 3/20 steps=697 pred_mse=1.0338 mpc=-0.214
[dream_first] cycle 4/20 steps=1076 pred_mse=1.0271 mpc=-0.214
[dream_first] cycle 5/20 steps=1341 pred_mse=1.0244 mpc=-0.214
[dream_first] cycle 6/20 steps=1633 pred_mse=1.0277 mpc=-0.396
[dream_first] cycle 7/20 steps=1863 pred_mse=1.0200 mpc=-0.214
[dream_first] cycle 8/20 steps=2118 pred_mse=1.0150 mpc=-0.214
[dream_first] cycle 9/20 steps=2387 pred_mse=1.0141 mpc=-0.214
[dream_first] cycle 10/20 steps=2700 pred_mse=1.0150 mpc=-0.214
[dream_first] cycle 11/20 steps=2979 pred_mse=1.0138 mpc=-0.214
[dream_first] cycle 12/20 steps=3250 pred_mse=1.0094 mpc=0.040
[dream_first] cycle 13/20 steps=3524 pred_mse=1.0054 mpc=0.768
[dream_first] cycle 14/20 steps=3833 pred_mse=1.0033 mpc=0.282
[dream_first] cycle 15/20 steps=4138 pred_mse=1.0033 mpc=-0.212
[dream_first] cycle 16/20 steps=4394 pred_mse=1.0020 mpc=-0.212
[dream_first] cycle 17/20 steps=4607 pred_mse=0.9979 mpc=-0.212
[dream_first] cycle 18/20 steps=4743 pred_mse=0.9946 mpc=0.090
[dream_first] cycle 19/20 steps=4998 pred_mse=0.9944 mpc=-0.212
[dream_first] cycle 20/20 steps=5225 pred_mse=0.9932 mpc=-0.212
完成：47.6s，已登记 results/registry.md
>>> r1 dh=1024 dream_first seed=1 10:26:31
[dream_first] cycle 1/20 steps=231 pred_mse=1.0642 mpc=-0.394
[dream_first] cycle 2/20 steps=528 pred_mse=1.0557 mpc=-0.500
[dream_first] cycle 3/20 steps=825 pred_mse=1.0496 mpc=-0.500
[dream_first] cycle 4/20 steps=1117 pred_mse=1.0421 mpc=-0.204
[dream_first] cycle 5/20 steps=1466 pred_mse=1.0355 mpc=-0.204
[dream_first] cycle 6/20 steps=1683 pred_mse=1.0290 mpc=-0.392
[dream_first] cycle 7/20 steps=1941 pred_mse=1.0253 mpc=-0.204
[dream_first] cycle 8/20 steps=2089 pred_mse=1.0218 mpc=-0.204
[dream_first] cycle 9/20 steps=2368 pred_mse=1.0188 mpc=-0.204
[dream_first] cycle 10/20 steps=2602 pred_mse=1.0156 mpc=-0.204
[dream_first] cycle 11/20 steps=2863 pred_mse=1.0126 mpc=-0.402
[dream_first] cycle 12/20 steps=3066 pred_mse=1.0102 mpc=-0.204
[dream_first] cycle 13/20 steps=3395 pred_mse=1.0092 mpc=-0.354
[dream_first] cycle 14/20 steps=3657 pred_mse=1.0059 mpc=-0.204
[dream_first] cycle 15/20 steps=3983 pred_mse=1.0032 mpc=-0.204
[dream_first] cycle 16/20 steps=4252 pred_mse=0.9974 mpc=-0.354
[dream_first] cycle 17/20 steps=4571 pred_mse=0.9966 mpc=0.274
[dream_first] cycle 18/20 steps=4878 pred_mse=0.9989 mpc=-0.210
[dream_first] cycle 19/20 steps=5119 pred_mse=0.9987 mpc=-0.354
[dream_first] cycle 20/20 steps=5381 pred_mse=0.9962 mpc=-0.368
完成：49.3s，已登记 results/registry.md
>>> r1 dh=1024 alternate seed=0 10:27:24
[alternate] cycle 1/20 steps=195 pred_mse=1.2858 mpc=-0.234
[alternate] cycle 2/20 steps=386 pred_mse=1.0853 mpc=-0.216
[alternate] cycle 3/20 steps=697 pred_mse=1.0606 mpc=-0.216
[alternate] cycle 4/20 steps=1076 pred_mse=1.0523 mpc=-0.388
[alternate] cycle 5/20 steps=1341 pred_mse=1.0445 mpc=-0.214
[alternate] cycle 6/20 steps=1633 pred_mse=1.0409 mpc=-0.216
[alternate] cycle 7/20 steps=1863 pred_mse=1.0310 mpc=-0.216
[alternate] cycle 8/20 steps=2118 pred_mse=1.0252 mpc=-0.216
[alternate] cycle 9/20 steps=2387 pred_mse=1.0231 mpc=0.338
[alternate] cycle 10/20 steps=2700 pred_mse=1.0174 mpc=-0.216
[alternate] cycle 11/20 steps=2979 pred_mse=1.0138 mpc=-0.216
[alternate] cycle 12/20 steps=3250 pred_mse=1.0113 mpc=-0.320
[alternate] cycle 13/20 steps=3524 pred_mse=1.0078 mpc=-0.216
[alternate] cycle 14/20 steps=3833 pred_mse=1.0042 mpc=-0.216
[alternate] cycle 15/20 steps=4138 pred_mse=1.0031 mpc=-0.216
[alternate] cycle 16/20 steps=4394 pred_mse=0.9998 mpc=-0.320
[alternate] cycle 17/20 steps=4607 pred_mse=0.9942 mpc=-0.500
[alternate] cycle 18/20 steps=4743 pred_mse=0.9915 mpc=-0.216
[alternate] cycle 19/20 steps=4998 pred_mse=0.9895 mpc=-0.320
[alternate] cycle 20/20 steps=5225 pred_mse=0.9876 mpc=-0.216
完成：47.5s，已登记 results/registry.md
>>> r1 dh=1024 alternate seed=1 10:28:15
[alternate] cycle 1/20 steps=231 pred_mse=1.1512 mpc=-0.612
[alternate] cycle 2/20 steps=528 pred_mse=1.0688 mpc=-0.064
[alternate] cycle 3/20 steps=825 pred_mse=1.0601 mpc=-0.616
[alternate] cycle 4/20 steps=1117 pred_mse=1.0537 mpc=-0.616
[alternate] cycle 5/20 steps=1466 pred_mse=1.0474 mpc=-0.612
[alternate] cycle 6/20 steps=1683 pred_mse=1.0382 mpc=-0.036
[alternate] cycle 7/20 steps=1941 pred_mse=1.0309 mpc=-0.314
[alternate] cycle 8/20 steps=2089 pred_mse=1.0239 mpc=-0.314
[alternate] cycle 9/20 steps=2368 pred_mse=1.0205 mpc=-0.314
[alternate] cycle 10/20 steps=2602 pred_mse=1.0177 mpc=-0.022
[alternate] cycle 11/20 steps=2863 pred_mse=1.0137 mpc=-0.314
[alternate] cycle 12/20 steps=3066 pred_mse=1.0091 mpc=-0.022
[alternate] cycle 13/20 steps=3395 pred_mse=1.0086 mpc=-0.022
[alternate] cycle 14/20 steps=3657 pred_mse=1.0052 mpc=-0.026
[alternate] cycle 15/20 steps=3983 pred_mse=1.0042 mpc=-0.140
[alternate] cycle 16/20 steps=4252 pred_mse=1.0013 mpc=-0.732
[alternate] cycle 17/20 steps=4571 pred_mse=1.0022 mpc=-0.206
[alternate] cycle 18/20 steps=4878 pred_mse=1.0028 mpc=-0.810
[alternate] cycle 19/20 steps=5119 pred_mse=1.0012 mpc=-0.246
[alternate] cycle 20/20 steps=5381 pred_mse=0.9982 mpc=-0.880
完成：40.7s，已登记 results/registry.md
=== R1 ALL DONE Fri Oct  9 10:29:00 UTC 2026 ===
